[www.transcanin.fr/index.html]
[backblue.gif]
[fade.gif]
[index.html]
[www.transcanin.fr/images/favicon.png]
[www.transcanin.fr/images/apple-touch-icon-57x57.png]
[www.transcanin.fr/images/apple-touch-icon-72x72.png]
[www.transcanin.fr/images/apple-touch-icon-114x114.png]
[www.transcanin.fr/css/animate.css]
[www.transcanin.fr/css/bootstrap.min.css]
[www.transcanin.fr/css/et-line-icons.css]
[www.transcanin.fr/css/font-awesome.min.css]
[www.transcanin.fr/css/owl.transitions.css]
[www.transcanin.fr/css/owl.carousel.css]
[www.transcanin.fr/css/magnific-popup.css]
[www.transcanin.fr/css/style.css]
[www.transcanin.fr/css/responsive.css]
[www.transcanin.fr/images/logo-agency.png]
[www.transcanin.fr/images/transport_chien_chat/transcanin-1920x960-3.jpg]
[www.transcanin.fr/images/transcanin-1920x950-.jpg]
[www.transcanin.fr/data/galerie/12/4.jpg]
[www.transcanin.fr/data/galerie/13/5.jpg]
[www.transcanin.fr/data/galerie/14/6.jpg]
[www.transcanin.fr/data/galerie/15/7.jpg]
[www.transcanin.fr/data/galerie/16/8.jpg]
[www.transcanin.fr/data/galerie/17/9.jpg]
[www.transcanin.fr/data/galerie/18/10.jpg]
[www.transcanin.fr/data/galerie/19/11.jpg]
[www.transcanin.fr/data/galerie/20/12.jpg]
[www.transcanin.fr/data/galerie/21/13.jpg]
[www.transcanin.fr/data/galerie/22/14.jpg]
[www.transcanin.fr/data/galerie/23/15.jpg]
[www.transcanin.fr/data/galerie/24/16.jpg]
[www.transcanin.fr/data/galerie/25/17.jpg]
[www.transcanin.fr/data/galerie/26/18.jpg]
[www.transcanin.fr/data/galerie/27/19.jpg]
[www.transcanin.fr/data/galerie/28/20.jpg]
[www.transcanin.fr/data/galerie/29/21.jpg]
[www.transcanin.fr/data/galerie/31/23.jpg]
[www.transcanin.fr/data/galerie/30/22.jpg]
[www.transcanin.fr/data/galerie/9/1.jpg]
[www.transcanin.fr/data/galerie/8/5.jpg]
[www.transcanin.fr/data/galerie/7/4.jpg]
[www.transcanin.fr/data/galerie/6/3.jpg]
[www.transcanin.fr/data/galerie/5/2.jpg]
[www.transcanin.fr/data/galerie/4/1.jpg]
[www.transcanin.fr/data/galerie/3/3.jpg]
[www.transcanin.fr/data/galerie/2/2.jpg]
[www.transcanin.fr/images/transcanin-650x650.jpg]
[www.transcanin.fr/images/facebook-logo-transcanin.jpg]
[www.transcanin.fr/images/team-transcanin-900x1000-1.jpg]
[www.transcanin.fr/images/team-transcanin-900x1000-2.jpg]
[www.transcanin.fr/images/team-transcanin-900x1000-3.jpg]
[www.transcanin.fr/images/team-transcanin-900x1000-4.jpg]
[www.transcanin.fr/images/transcanin-prix-transport-1920x500-1.jpg]
[www.transcanin.fr/images/transcanin-prix-transport-1920x500-2.jpg]
[www.transcanin.fr/images/transcanin-prix-transport-1920x500-3.jpg]
[www.transcanin.fr/images/transcanin-prix-transport-1920x500-4.jpg]
[www.transcanin.fr/images/logo-personal-footer.png]
[www.transcanin.fr/js/jquery.min.js]
[www.transcanin.fr/js/modernizr.js]
[www.transcanin.fr/js/bootstrap.min.js]
[www.transcanin.fr/js/jquery.easing.1.3.js]
[www.transcanin.fr/js/skrollr.min.js]
[www.transcanin.fr/js/smooth-scroll.js]
[www.transcanin.fr/js/jquery.appear.js]
[www.transcanin.fr/js/jquery.nav.js]
[www.transcanin.fr/js/wow.min.js]
[www.transcanin.fr/js/page-scroll.js]
[www.transcanin.fr/js/owl.carousel.min.js]
[www.transcanin.fr/js/jquery.countTo.js]
[www.transcanin.fr/js/jquery.parallax-1.1.3.js]
[www.transcanin.fr/js/jquery.magnific-popup.min.js]
[www.transcanin.fr/js/isotope.pkgd.min.js]
[www.transcanin.fr/js/imagesloaded.pkgd.min.js]
[www.transcanin.fr/js/classie.js]
[www.transcanin.fr/js/counter.js]
[www.transcanin.fr/js/jquery.fitvids.js]
[www.transcanin.fr/js/main.js]
[www.transcanin.fr/index.html]
[www.transcanin.fr/css/animate.css]
[www.transcanin.fr/fonts/glyphicons-halflings-regular.eot]
[www.transcanin.fr/fonts/glyphicons-halflings-regulard41d.eot]
[www.transcanin.fr/fonts/glyphicons-halflings-regular.woff2]
[www.transcanin.fr/fonts/glyphicons-halflings-regular.woff]
[www.transcanin.fr/fonts/glyphicons-halflings-regular.ttf]
[www.transcanin.fr/css/bootstrap.min.css]
[www.transcanin.fr/fonts/et-line.eot]
[www.transcanin.fr/fonts/et-lined41d.eot]
[www.transcanin.fr/fonts/et-line.woff]
[www.transcanin.fr/fonts/et-line.ttf]
[www.transcanin.fr/css/et-line-icons.css]
[www.transcanin.fr/fonts/fontawesome-webfonte0a5.eot]
[www.transcanin.fr/fonts/fontawesome-webfontd41d.eot]
[www.transcanin.fr/fonts/fontawesome-webfonte0a5.woff2]
[www.transcanin.fr/fonts/fontawesome-webfonte0a5.woff]
[www.transcanin.fr/fonts/fontawesome-webfonte0a5.ttf]
[www.transcanin.fr/css/font-awesome.min.css]
[www.transcanin.fr/css/owl.transitions.css]
[www.transcanin.fr/images/icon-move.png]
[www.transcanin.fr/images/icon-move-light.png]
[www.transcanin.fr/css/owl.carousel.css]
[www.transcanin.fr/images/icon-zoom.png]
[www.transcanin.fr/images/icon-zoom-out.png]
[www.transcanin.fr/images/icon-zoom2.png]
[www.transcanin.fr/css/magnific-popup.css]
[www.transcanin.fr/images/arrow-down.png]
[www.transcanin.fr/images/arrow-down-white.png]
[www.transcanin.fr/images/logo-border.png]
[www.transcanin.fr/images/arrow.png]
[www.transcanin.fr/images/icon-zoom-white2.png]
[www.transcanin.fr/images/arrow-white.png]
[www.transcanin.fr/images/select-arrow.png]
[www.transcanin.fr/images/link-line.png]
[www.transcanin.fr/images/tattoo-icon-bg.jpg]
[www.transcanin.fr/css/style.css]
[www.transcanin.fr/css/responsive.css]
[www.transcanin.fr/fonts/glyphicons-halflings-regular.svg]
[www.transcanin.fr/fonts/et-line.svg]
[www.transcanin.fr/fonts/fontawesome-webfonte0a5.svg]
[www.transcanin.fr/images/arrow-down-white.html]
